*******************************START OF STATEMENT*******************************
Aniya Alba Von
1588 Nienow Cape
Suite 187
New OR USA 04257
--------------------------------------------------------------------------------
                                 Basic Details
--------------------------------------------------------------------------------
Account ID         :00000000050
Current Balance    :000000492.00
FICO Score         :623
--------------------------------------------------------------------------------
                              TRANSACTION SUMMARY
--------------------------------------------------------------------------------
Tran ID         Tran Details                                         Tran Amount
--------------------------------------------------------------------------------
--------------------------------------------------------------------------------
Total EXP:                                                        $         .00
********************************END OF STATEMENT********************************
