START OF EXECUTION OF PROGRAM CBCUS01C
000000002Enrico                   April                    Rosenbaum                4917 Myrna Flats                                  Apt. 453                                          West Bernita                                      INUSA22770     (429)706-9510  (744)950-5272  587518382000000000005062103711961-10-080069194009Y268                                                                                                                                                                        
000000002Enrico                   April                    Rosenbaum                4917 Myrna Flats                                  Apt. 453                                          West Bernita                                      INUSA22770     (429)706-9510  (744)950-5272  587518382000000000005062103711961-10-080069194009Y268                                                                                                                                                                        
000000012Maci                     Alan                     Robel                    80501 Isac Cliffs                                 Suite 623                                         Predovicton                                       MNUSA78861     (584)045-5200  (610)244-0407  666114218000000000009021433511984-02-180061317348Y688                                                                                                                                                                        
000000012Maci                     Alan                     Robel                    80501 Isac Cliffs                                 Suite 623                                         Predovicton                                       MNUSA78861     (584)045-5200  (610)244-0407  666114218000000000009021433511984-02-180061317348Y688                                                                                                                                                                        
000000020Carter                   Oren                     Veum                     5845 Allison Valleys                              Suite 934                                         Mitchellmouth                                     MHUSA72362     (618)994-0531  (571)695-4136  717778238000000000003426612931996-04-140036749754Y493                                                                                                                                                                        
000000020Carter                   Oren                     Veum                     5845 Allison Valleys                              Suite 934                                         Mitchellmouth                                     MHUSA72362     (618)994-0531  (571)695-4136  717778238000000000003426612931996-04-140036749754Y493                                                                                                                                                                        
000000027Ward                     Henri                    Jones                    210 Amaya Turnpike                                Suite 180                                         Port Dwight                                       GUUSA07923-8822(935)027-1145  (103)537-5007  980161210000000000008815587571986-11-080050024139Y078                                                                                                                                                                        
000000027Ward                     Henri                    Jones                    210 Amaya Turnpike                                Suite 180                                         Port Dwight                                       GUUSA07923-8822(935)027-1145  (103)537-5007  980161210000000000008815587571986-11-080050024139Y078                                                                                                                                                                        
000000050Aniya                    Alba                     Von                      1588 Nienow Cape                                  Suite 187                                         New Aricchester                                   ORUSA04257     (325)301-0827  (493)985-9283  931248469000000000000303878241960-12-010074883577Y623                                                                                                                                                                        
000000050Aniya                    Alba                     Von                      1588 Nienow Cape                                  Suite 187                                         New Aricchester                                   ORUSA04257     (325)301-0827  (493)985-9283  931248469000000000000303878241960-12-010074883577Y623                                                                                                                                                                        
END OF EXECUTION OF PROGRAM CBCUS01C
