*******************************START OF STATEMENT*******************************
Aniya Alba Von
1588 Nienow Cape
Suite 187
New OR USA 04257
--------------------------------------------------------------------------------
                                 Basic Details
--------------------------------------------------------------------------------
Account ID         :00000000050
Current Balance    :000000492.00
FICO Score         :623
--------------------------------------------------------------------------------
                              TRANSACTION SUMMARY
--------------------------------------------------------------------------------
Tran ID         Tran Details                                         Tran Amount
--------------------------------------------------------------------------------
0000000058866561 Purchase at Blick-Rippin                         $      183.88
0000000329724245 Purchase at Reichel Group                        $       14.00
0000000577826814 Return item at DuBuque, Wuckert and Mraz         $       47.88-
--------------------------------------------------------------------------------
Total EXP:                                                        $      150.00
********************************END OF STATEMENT********************************
